
         
 *******************************************************************************
 *                                                                             *
 *                               CRYSTAL17                                     *
 *                      public : 1.0.1 - Feb 1st, 2017                         *
 *                       HTTP://WWW.CRYSTAL.UNITO.IT                           *
 *                                                                             *
 *                              MAIN AUTHORS                                   *
 *                                                                             *
 *  R. DOVESI(1,11), V.R. SAUNDERS(2), C. ROETTI(1,11), R. ORLANDO(1,11),      *
 *  C.M. ZICOVICH-WILSON(1,3), F. PASCALE(4), B. CIVALLERI(1,11),              *
 *  K. DOLL(5), N.M. HARRISON(2,6), I.J. BUSH(7), Ph. D'ARCO(8),               *
 *  M. LLUNELL(9), M. CAUSA'(10), Y. NOEL(8), L. MASCHIO(1,11), A. ERBA(1,11)  *
 *  M. RE'RAT(14), S. CASASSA(1,11)                                            *
 *                                                                             *
 *        CONTRIBUTIONS TO THE CODE HAVE ALSO BEEN GIVEN BY                    *
 *                                                                             *
 *  M. FERRABONE(1,11), M. DE LA PIERRE(1,11), M. FERRERO(1,11),               *
 *  J. BAIMA(1,11), E. ALBANESE(1,11), M.F. PEINTINGER(12), R. BAST(13),       *
 *  B. KIRTMAN(15), V. LACIVITA(1,11), R. DEMICHELIS(1,16)                     *
 *  G. BRANDEBURG(17), S. SALUSTRO(1,11), G. SANSONE(1,11)                     *
 *  M.T. RUGGIERO(18)                                                          *
 *                                                                             *
 * (1) THEORETICAL CHEMISTRY GROUP - UNIVERSITA' DI TORINO - TORINO (ITALY)    *

 * (2) COMPUTATIONAL SCIENCE & ENGINEERING DEPARTMENT - STFC DARESBURY (UK)    *
 * (3) UNIVERSIDAD AUTONOMA DEL ESTADO DE MORELOS - CUERNAVACA (MEXICO)        *
 * (4) UNIVERSITE' DE LORRAINE - NANCY (FRANCE)                                *
 * (5) UNIVERSITAET STUTTGART- STUTTGART (GERMANY)                             *
 * (6) IMPERIAL COLLEGE - LONDON (UK)                                          *
 * (7) OXFORD E-RESEARCH CENTRE - OXFORD (UK)                                  *
 * (8) UPMC - SORBONNE UNIVERSITES - PARIS (FRANCE)                            *
 * (9) UNIVERSIDAD DE BARCELONA - BARCELONA (SPAIN)                            *
 *(10) UNIVERSITA' DI NAPOLI "FEDERICO II" - NAPOLI (ITALY)                    *
 *(11) NIS - NANOSTRUCTURED INTERFACES AND SURFACES - TORINO (ITALY)           *
 *(12) MPI FUER CHEMISCHE ENERGIEKONVERSION - MUELHEIM AN DER RUHR (GERMANY)   *
 *(13) UNIVERSITY OF TROMSO - TROMSO (NORWAY)                                  *
 *(14) UNIVERSITE' DE PAU ET DES PAYS DE L'ADOUR - PAU (FRANCE)                *
 *(15) UNIVERSITY OF CALIFORNIA SANTA BARBARA - SANTA BARBARA (USA)            *
 *(16) CURTIN UNIVERSITY - PERTH (AUSTRALIA)                                   *
 *(17) UNIVERSITY COLLEGE LONDON - LONDON (UK)                                 *
 *(18) CAMBRIDGE UNIVERSITY - CAMBRIDGE (UK)                                   *
 *                                                                             *
 *******************************************************************************
 EEEEEEEEEE STARTING  DATE 16 05 2018 TIME 12:04:22.2
 TEST12 - UREA BULK BASE 6-21 + POLARIZATION                                     

 CRYSTAL CALCULATION
 (INPUT ACCORDING TO THE INTERNATIONAL TABLES FOR X-RAY CRYSTALLOGRAPHY)
 CRYSTAL FAMILY                       :  TETRAGONAL  
 CRYSTAL CLASS  (GROTH - 1921)        :  TETRAGONAL SCALENOHEDRAL             

 SPACE GROUP (NONCENTROSYMMETRIC)     :  P -4 21 M       

 LATTICE PARAMETERS  (ANGSTROMS AND DEGREES) - CONVENTIONAL CELL
        A           B           C        ALPHA        BETA       GAMMA
     5.56500     5.56500     4.68400    90.00000    90.00000    90.00000


 NUMBER OF IRREDUCIBLE ATOMS IN THE CONVENTIONAL CELL:    5

 INPUT COORDINATES

 ATOM AT. N.              COORDINATES
   1   6     0.000000000000E+00  5.000000000000E-01  3.260000000000E-01
   2   8     0.000000000000E+00  5.000000000000E-01  5.953000000000E-01
   3   7     1.459000000000E-01  6.459000000000E-01  1.766000000000E-01
   4   1     2.575000000000E-01  7.575000000000E-01  2.827000000000E-01
   5   1     1.441000000000E-01  6.441000000000E-01 -3.800000000000E-02

 *******************************************************************************

 << INFORMATION >>: FROM NOW ON, ALL COORDINATES REFER TO THE PRIMITIVE CELL

 *******************************************************************************

 LATTICE PARAMETERS  (ANGSTROMS AND DEGREES) - PRIMITIVE CELL
       A          B          C        ALPHA      BETA     GAMMA        VOLUME
    5.56500    5.56500    4.68400    90.00000  90.00000  90.00000    145.059850

 COORDINATES OF THE EQUIVALENT ATOMS (FRACTIONAL UNITS)

 N. ATOM EQUIV AT. N.          X                  Y                  Z

   1   1   1    6 C     0.00000000000E+00 -5.00000000000E-01  3.26000000000E-01
   2   1   2    6 C    -5.00000000000E-01  0.00000000000E+00 -3.26000000000E-01

   3   2   1    8 O     0.00000000000E+00 -5.00000000000E-01 -4.04700000000E-01
   4   2   2    8 O    -5.00000000000E-01  0.00000000000E+00  4.04700000000E-01

   5   3   1    7 N     1.45900000000E-01 -3.54100000000E-01  1.76600000000E-01
   6   3   2    7 N    -1.45900000000E-01  3.54100000000E-01  1.76600000000E-01
   7   3   3    7 N    -3.54100000000E-01 -1.45900000000E-01 -1.76600000000E-01
   8   3   4    7 N     3.54100000000E-01  1.45900000000E-01 -1.76600000000E-01

   9   4   1    1 H     2.57500000000E-01 -2.42500000000E-01  2.82700000000E-01
  10   4   2    1 H    -2.57500000000E-01  2.42500000000E-01  2.82700000000E-01
  11   4   3    1 H    -2.42500000000E-01 -2.57500000000E-01 -2.82700000000E-01
  12   4   4    1 H     2.42500000000E-01  2.57500000000E-01 -2.82700000000E-01

  13   5   1    1 H     1.44100000000E-01 -3.55900000000E-01 -3.80000000000E-02
  14   5   2    1 H    -1.44100000000E-01  3.55900000000E-01 -3.80000000000E-02
  15   5   3    1 H    -3.55900000000E-01 -1.44100000000E-01  3.80000000000E-02
  16   5   4    1 H     3.55900000000E-01  1.44100000000E-01  3.80000000000E-02

 NUMBER OF SYMMETRY OPERATORS         :    8
 *******************************************************************************
 * GEOMETRY EDITING - INPUT COORDINATES ARE GIVEN IN ANGSTROM         
 *******************************************************************************

 GEOMETRY NOW FULLY CONSISTENT WITH THE GROUP

 COORDINATES IN ANGSTROM

 GCALCO - MAX INDICES DIRECT LATTICE VECTOR    14    14    16
 NO.OF VECTORS CREATED 6999 STARS  525 RMAX    62.34386 BOHR


 *******************************************************************************
 *  SEARCHING THE MOLECULES OF THE CRYSTAL
 *******************************************************************************

 MOLECULAR FRAGMENT N.    1
 REFERENCE ATOM:    1 IN CELL  0 0 0  COORDINATES    0.000  -2.783   1.527
 FRAGMENT COMPOSITION:
  SEQ.  NO. 
  NEW   OLD    CELL   AT. NO.             COORD.(A)
   1     1    0  0  0    6       0.0000   -2.7825    1.5270
   2     3    0  0  1    8       0.0000   -2.7825    2.7884
   3     5    0  0  0    7       0.8119   -1.9706    0.8272
   4     6    0 -1  0    7      -0.8119   -3.5944    0.8272
   5    13    0  0  0    1       0.8019   -1.9806   -0.1780
   6     9    0  0  0    1       1.4330   -1.3495    1.3242
   7    14    0 -1  0    1      -0.8019   -3.5844   -0.1780
   8    10    0 -1  0    1      -1.4330   -4.2155    1.3242

 MOLECULAR FRAGMENT N.    2
 REFERENCE ATOM:    2 IN CELL  0 0 0  COORDINATES   -2.783   0.000  -1.527
 FRAGMENT COMPOSITION:
  SEQ.  NO. 
  NEW   OLD    CELL   AT. NO.             COORD.(A)
   9     2    0  0  0    6      -2.7825    0.0000   -1.5270
  10     4    0  0 -1    8      -2.7825    0.0000   -2.7884
  11     7    0  0  0    7      -1.9706   -0.8119   -0.8272
  12     8   -1  0  0    7      -3.5944    0.8119   -0.8272
  13    15    0  0  0    1      -1.9806   -0.8019    0.1780
  14    11    0  0  0    1      -1.3495   -1.4330   -1.3242
  15    16   -1  0  0    1      -3.5844    0.8019    0.1780
  16    12   -1  0  0    1      -4.2155    1.4330   -1.3242

 *******************************************************************************

 *******************************************************************************
 LATTICE PARAMETERS (ANGSTROMS AND DEGREES) - BOHR = 0.5291772083 ANGSTROM
 PRIMITIVE CELL - CENTRING CODE 1/0 VOLUME=   145.059850 - DENSITY  1.374 g/cm^3
         A              B              C           ALPHA      BETA       GAMMA 
     5.56500000     5.56500000     4.68400000    90.000000  90.000000  90.000000
 *******************************************************************************
 ATOMS IN THE ASYMMETRIC UNIT    5 - ATOMS IN THE UNIT CELL:   16
     ATOM                 X/A                 Y/B                 Z/C    
 *******************************************************************************
      1 T   6 C     0.000000000000E+00  5.000000000000E-01  3.260000000000E-01
      2 T   8 O     0.000000000000E+00  5.000000000000E-01 -4.047000000000E-01
      3 T   7 N     1.459000000000E-01 -3.541000000000E-01  1.766000000000E-01
      4 F   7 N    -1.459000000000E-01  3.541000000000E-01  1.766000000000E-01
      5 T   1 H     1.441000000000E-01 -3.559000000000E-01 -3.800000000000E-02
      6 T   1 H     2.575000000000E-01 -2.425000000000E-01  2.827000000000E-01
      7 F   1 H    -1.441000000000E-01  3.559000000000E-01 -3.800000000000E-02
      8 F   1 H    -2.575000000000E-01  2.425000000000E-01  2.827000000000E-01
      9 F   6 C     5.000000000000E-01  0.000000000000E+00 -3.260000000000E-01
     10 F   8 O     5.000000000000E-01  0.000000000000E+00  4.047000000000E-01
     11 F   7 N    -3.541000000000E-01 -1.459000000000E-01 -1.766000000000E-01
     12 F   7 N     3.541000000000E-01  1.459000000000E-01 -1.766000000000E-01
     13 F   1 H    -3.559000000000E-01 -1.441000000000E-01  3.800000000000E-02
     14 F   1 H    -2.425000000000E-01 -2.575000000000E-01 -2.827000000000E-01
     15 F   1 H     3.559000000000E-01  1.441000000000E-01  3.800000000000E-02
     16 F   1 H     2.425000000000E-01  2.575000000000E-01 -2.827000000000E-01

 T = ATOM BELONGING TO THE ASYMMETRIC UNIT

 GCALCO - MAX INDICES DIRECT LATTICE VECTOR    14    14    16
 NO.OF VECTORS CREATED 6999 STARS  525 RMAX   117.81283 BOHR

 GEOMETRY FOR WAVE FUNCTION - DIMENSIONALITY OF THE SYSTEM    3
 (NON PERIODIC DIRECTION: LATTICE PARAMETER FORMALLY SET TO 500)
 *******************************************************************************
 LATTICE PARAMETERS (ANGSTROMS AND DEGREES) - BOHR = 0.5291772083 ANGSTROM
 PRIMITIVE CELL - CENTRING CODE 1/0 VOLUME=   145.059850 - DENSITY  1.374 g/cm^3
         A              B              C           ALPHA      BETA       GAMMA 
     5.56500000     5.56500000     4.68400000    90.000000  90.000000  90.000000
 *******************************************************************************
 ATOMS IN THE ASYMMETRIC UNIT    5 - ATOMS IN THE UNIT CELL:   16
     ATOM                 X/A                 Y/B                 Z/C    
 *******************************************************************************
      1 T   6 C     0.000000000000E+00 -5.000000000000E-01  3.260000000000E-01
      2 T   8 O     0.000000000000E+00 -5.000000000000E-01 -4.047000000000E-01
      3 T   7 N     1.459000000000E-01 -3.541000000000E-01  1.766000000000E-01
      4 F   7 N    -1.459000000000E-01  3.541000000000E-01  1.766000000000E-01
      5 T   1 H     1.441000000000E-01 -3.559000000000E-01 -3.800000000000E-02
      6 T   1 H     2.575000000000E-01 -2.425000000000E-01  2.827000000000E-01
      7 F   1 H    -1.441000000000E-01  3.559000000000E-01 -3.800000000000E-02
      8 F   1 H    -2.575000000000E-01  2.425000000000E-01  2.827000000000E-01
      9 F   6 C     5.000000000000E-01  0.000000000000E+00 -3.260000000000E-01
     10 F   8 O     5.000000000000E-01  0.000000000000E+00  4.047000000000E-01
     11 F   7 N    -3.541000000000E-01 -1.459000000000E-01 -1.766000000000E-01
     12 F   7 N     3.541000000000E-01  1.459000000000E-01 -1.766000000000E-01
     13 F   1 H    -3.559000000000E-01 -1.441000000000E-01  3.800000000000E-02
     14 F   1 H    -2.425000000000E-01 -2.575000000000E-01 -2.827000000000E-01
     15 F   1 H     3.559000000000E-01  1.441000000000E-01  3.800000000000E-02
     16 F   1 H     2.425000000000E-01  2.575000000000E-01 -2.827000000000E-01

 T = ATOM BELONGING TO THE ASYMMETRIC UNIT

 ****    8 SYMMOPS - TRANSLATORS IN FRACTIONAL UNITS
 **** MATRICES AND TRANSLATORS IN THE CRYSTALLOGRAPHIC REFERENCE FRAME
   V INV                    ROTATION MATRICES                   TRANSLATORS
   1   1  1.00  0.00  0.00  0.00  1.00  0.00  0.00  0.00  1.00  0.00  0.00  0.00
   2   2 -1.00  0.00  0.00  0.00 -1.00  0.00  0.00  0.00  1.00  0.00  0.00  0.00
   3   3  1.00  0.00  0.00  0.00 -1.00  0.00  0.00  0.00 -1.00  0.50  0.50  0.00
   4   4 -1.00  0.00  0.00  0.00  1.00  0.00  0.00  0.00 -1.00  0.50  0.50  0.00
   5   5  0.00  1.00  0.00  1.00  0.00  0.00  0.00  0.00  1.00  0.50  0.50  0.00
   6   6  0.00 -1.00  0.00 -1.00  0.00  0.00  0.00  0.00  1.00  0.50  0.50  0.00
   7   8  0.00 -1.00  0.00  1.00  0.00  0.00  0.00  0.00 -1.00  0.00  0.00  0.00
   8   7  0.00  1.00  0.00 -1.00  0.00  0.00  0.00  0.00 -1.00  0.00  0.00  0.00

 DIRECT LATTICE VECTORS CARTESIAN COMPONENTS (ANGSTROM)
          X                    Y                    Z
   0.556500000000E+01   0.000000000000E+00   0.000000000000E+00
   0.000000000000E+00   0.556500000000E+01   0.000000000000E+00
   0.000000000000E+00   0.000000000000E+00   0.468400000000E+01


 CARTESIAN COORDINATES - PRIMITIVE CELL
 *******************************************************************************
 *      ATOM          X(ANGSTROM)         Y(ANGSTROM)         Z(ANGSTROM)
 *******************************************************************************
    1     6 C     0.000000000000E+00 -2.782500000000E+00  1.526984000000E+00
    2     8 O     0.000000000000E+00 -2.782500000000E+00  2.788385200000E+00
    3     7 N     8.119335000000E-01 -1.970566500000E+00  8.271944000000E-01
    4     7 N    -8.119335000000E-01 -3.594433500000E+00  8.271944000000E-01
    5     1 H     8.019165000000E-01 -1.980583500000E+00 -1.779920000000E-01
    6     1 H     1.432987500000E+00 -1.349512500000E+00  1.324166800000E+00
    7     1 H    -8.019165000000E-01 -3.584416500000E+00 -1.779920000000E-01
    8     1 H    -1.432987500000E+00 -4.215487500000E+00  1.324166800000E+00
    9     6 C    -2.782500000000E+00  0.000000000000E+00 -1.526984000000E+00
   10     8 O    -2.782500000000E+00  0.000000000000E+00 -2.788385200000E+00
   11     7 N    -1.970566500000E+00 -8.119335000000E-01 -8.271944000000E-01
   12     7 N    -3.594433500000E+00  8.119335000000E-01 -8.271944000000E-01
   13     1 H    -1.980583500000E+00 -8.019165000000E-01  1.779920000000E-01
   14     1 H    -1.349512500000E+00 -1.432987500000E+00 -1.324166800000E+00
   15     1 H    -3.584416500000E+00  8.019165000000E-01  1.779920000000E-01
   16     1 H    -4.215487500000E+00  1.432987500000E+00 -1.324166800000E+00
 WARNING **** CRYSTA **** TESTGEOM  DIRECTIVE - GEOMETRY EDITING COMPLETE
 TTTTTTTTTTTTTTTTTTTTTTTTTTTTTT END         TELAPSE        0.07 TCPU        0.07
 EEEEEEEEEE TERMINATION  DATE 16 05 2018 TIME 12:04:22.3
